<!DOCTYPE html >
<html>
<head>
    <meta charset="utf-8" />
    <title>Hello</title>
    <script defer="true" src="bundle.js"></script>
</head>
<body>
</body>
</html>